============================= test session starts =============================
platform win32 -- Python 3.13.9, pytest-8.4.2, pluggy-1.5.0 -- D:\Program Files\anaconda3\python.exe
cachedir: .pytest_cache
rootdir: D:\miu\Freshman Year (4)\Grad Proj\Code\VCAI
plugins: anyio-4.10.0
collecting ... collected 0 items / 1 error

=================================== ERRORS ====================================
_________ ERROR collecting backend/tests/services/test_evaluation.py __________
ImportError while importing test module 'D:\miu\Freshman Year (4)\Grad Proj\Code\VCAI\backend\tests\services\test_evaluation.py'.
Hint: make sure your test modules/packages have valid Python names.
Traceback:
D:\Program Files\anaconda3\Lib\importlib\__init__.py:88: in import_module
    return _bootstrap._gcd_import(name[level:], package, level)
           ^^^^^^^^^^^^^^^^^^^^^^^^^^^^^^^^^^^^^^^^^^^^^^^^^^^^
backend\tests\services\test_evaluation.py:22: in <module>
    from backend.services.evaluation_service import (
backend\services\__init__.py:6: in <module>
    from backend.services.auth_service import (
backend\services\auth_service.py:10: in <module>
    from jose import JWTError, jwt
E   ModuleNotFoundError: No module named 'jose'
============================== warnings summary ===============================
backend\config.py:12
  D:\miu\Freshman Year (4)\Grad Proj\Code\VCAI\backend\config.py:12: PydanticDeprecatedSince20: Support for class-based `config` is deprecated, use ConfigDict instead. Deprecated in Pydantic V2.0 to be removed in V3.0. See Pydantic V2 Migration Guide at https://errors.pydantic.dev/2.12/migration/
    class Settings(BaseSettings):

backend\database.py:27
  D:\miu\Freshman Year (4)\Grad Proj\Code\VCAI\backend\database.py:27: MovedIn20Warning: The ``declarative_base()`` function is now available as sqlalchemy.orm.declarative_base(). (deprecated since: 2.0) (Background on SQLAlchemy 2.0 at: https://sqlalche.me/e/b8d9)
    Base = declarative_base()

-- Docs: https://docs.pytest.org/en/stable/how-to/capture-warnings.html
=========================== short test summary info ===========================
ERROR backend/tests/services/test_evaluation.py
!!!!!!!!!!!!!!!!!!! Interrupted: 1 error during collection !!!!!!!!!!!!!!!!!!!!
======================== 2 warnings, 1 error in 0.88s =========================
